// Jest Snapshot v1, https://goo.gl/fbAQLP

exports[`functions cron posts matched rotations and updates onDuty fields of them 1`] = `
Array [
  Array [
    Object {
      "blocks": Array [
        Object {
          "text": Object {
            "text": "rotation-1 message
",
            "type": "mrkdwn",
            "verbatim": false,
          },
          "type": "section",
        },
        Object {
          "accessory": Object {
            "action_id": "overflow_menu",
            "options": Array [
              Object {
                "text": Object {
                  "emoji": true,
                  "text": "ÂâäÈô§",
                  "type": "plain_text",
                },
                "value": "delete:rotation-1",
              },
            ],
            "type": "overflow",
          },
          "text": Object {
            "text": "üëë <@user-a|>‚Üí <@user-b|>‚Üí<@user-c|>",
            "type": "mrkdwn",
            "verbatim": true,
          },
          "type": "section",
        },
      ],
      "channel": "channel-1",
      "text": "rotation-1 message",
      "token": "dummy-bot-token",
    },
  ],
  Array [
    Object {
      "blocks": Array [
        Object {
          "text": Object {
            "text": "rotation-2 message
",
            "type": "mrkdwn",
            "verbatim": false,
          },
          "type": "section",
        },
        Object {
          "accessory": Object {
            "action_id": "overflow_menu",
            "options": Array [
              Object {
                "text": Object {
                  "emoji": true,
                  "text": "ÂâäÈô§",
                  "type": "plain_text",
                },
                "value": "delete:rotation-2",
              },
            ],
            "type": "overflow",
          },
          "text": Object {
            "text": "üëë <@user-q|>‚Üí<@user-p|>",
            "type": "mrkdwn",
            "verbatim": true,
          },
          "type": "section",
        },
      ],
      "channel": "channel-2",
      "text": "rotation-2 message",
      "token": "dummy-bot-token",
    },
  ],
]
`;

exports[`functions slack /rota command opens SettingModal 1`] = `
Array [
  Array [
    Object {
      "token": "dummy-bot-token",
      "trigger_id": "trigger-id",
      "view": Object {
        "blocks": Array [
          Object {
            "block_id": "members",
            "element": Object {
              "action_id": "members",
              "type": "multi_users_select",
            },
            "label": Object {
              "emoji": true,
              "text": "„É°„É≥„Éê„Éº",
              "type": "plain_text",
            },
            "optional": false,
            "type": "input",
          },
          Object {
            "block_id": "message",
            "element": Object {
              "action_id": "message",
              "multiline": true,
              "type": "plain_text_input",
            },
            "label": Object {
              "emoji": true,
              "text": "„É°„ÉÉ„Çª„Éº„Ç∏",
              "type": "plain_text",
            },
            "optional": false,
            "type": "input",
          },
          Object {
            "block_id": "days",
            "element": Object {
              "action_id": "days",
              "options": Array [
                Object {
                  "text": Object {
                    "emoji": true,
                    "text": "Êó•Êõú",
                    "type": "plain_text",
                  },
                  "value": "0",
                },
                Object {
                  "text": Object {
                    "emoji": true,
                    "text": "ÊúàÊõú",
                    "type": "plain_text",
                  },
                  "value": "1",
                },
                Object {
                  "text": Object {
                    "emoji": true,
                    "text": "ÁÅ´Êõú",
                    "type": "plain_text",
                  },
                  "value": "2",
                },
                Object {
                  "text": Object {
                    "emoji": true,
                    "text": "Ê∞¥Êõú",
                    "type": "plain_text",
                  },
                  "value": "3",
                },
                Object {
                  "text": Object {
                    "emoji": true,
                    "text": "Êú®Êõú",
                    "type": "plain_text",
                  },
                  "value": "4",
                },
                Object {
                  "text": Object {
                    "emoji": true,
                    "text": "ÈáëÊõú",
                    "type": "plain_text",
                  },
                  "value": "5",
                },
                Object {
                  "text": Object {
                    "emoji": true,
                    "text": "ÂúüÊõú",
                    "type": "plain_text",
                  },
                  "value": "6",
                },
              ],
              "type": "multi_static_select",
            },
            "label": Object {
              "emoji": true,
              "text": "ÊõúÊó•",
              "type": "plain_text",
            },
            "optional": false,
            "type": "input",
          },
          Object {
            "block_id": "hour",
            "element": Object {
              "action_id": "hour",
              "initial_option": Object {
                "text": Object {
                  "emoji": true,
                  "text": "10ÊôÇ",
                  "type": "plain_text",
                },
                "value": "10",
              },
              "options": Array [
                Object {
                  "text": Object {
                    "emoji": true,
                    "text": "0ÊôÇ",
                    "type": "plain_text",
                  },
                  "value": "0",
                },
                Object {
                  "text": Object {
                    "emoji": true,
                    "text": "1ÊôÇ",
                    "type": "plain_text",
                  },
                  "value": "1",
                },
                Object {
                  "text": Object {
                    "emoji": true,
                    "text": "2ÊôÇ",
                    "type": "plain_text",
                  },
                  "value": "2",
                },
                Object {
                  "text": Object {
                    "emoji": true,
                    "text": "3ÊôÇ",
                    "type": "plain_text",
                  },
                  "value": "3",
                },
                Object {
                  "text": Object {
                    "emoji": true,
                    "text": "4ÊôÇ",
                    "type": "plain_text",
                  },
                  "value": "4",
                },
                Object {
                  "text": Object {
                    "emoji": true,
                    "text": "5ÊôÇ",
                    "type": "plain_text",
                  },
                  "value": "5",
                },
                Object {
                  "text": Object {
                    "emoji": true,
                    "text": "6ÊôÇ",
                    "type": "plain_text",
                  },
                  "value": "6",
                },
                Object {
                  "text": Object {
                    "emoji": true,
                    "text": "7ÊôÇ",
                    "type": "plain_text",
                  },
                  "value": "7",
                },
                Object {
                  "text": Object {
                    "emoji": true,
                    "text": "8ÊôÇ",
                    "type": "plain_text",
                  },
                  "value": "8",
                },
                Object {
                  "text": Object {
                    "emoji": true,
                    "text": "9ÊôÇ",
                    "type": "plain_text",
                  },
                  "value": "9",
                },
                Object {
                  "text": Object {
                    "emoji": true,
                    "text": "10ÊôÇ",
                    "type": "plain_text",
                  },
                  "value": "10",
                },
                Object {
                  "text": Object {
                    "emoji": true,
                    "text": "11ÊôÇ",
                    "type": "plain_text",
                  },
                  "value": "11",
                },
                Object {
                  "text": Object {
                    "emoji": true,
                    "text": "12ÊôÇ",
                    "type": "plain_text",
                  },
                  "value": "12",
                },
                Object {
                  "text": Object {
                    "emoji": true,
                    "text": "13ÊôÇ",
                    "type": "plain_text",
                  },
                  "value": "13",
                },
                Object {
                  "text": Object {
                    "emoji": true,
                    "text": "14ÊôÇ",
                    "type": "plain_text",
                  },
                  "value": "14",
                },
                Object {
                  "text": Object {
                    "emoji": true,
                    "text": "15ÊôÇ",
                    "type": "plain_text",
                  },
                  "value": "15",
                },
                Object {
                  "text": Object {
                    "emoji": true,
                    "text": "16ÊôÇ",
                    "type": "plain_text",
                  },
                  "value": "16",
                },
                Object {
                  "text": Object {
                    "emoji": true,
                    "text": "17ÊôÇ",
                    "type": "plain_text",
                  },
                  "value": "17",
                },
                Object {
                  "text": Object {
                    "emoji": true,
                    "text": "18ÊôÇ",
                    "type": "plain_text",
                  },
                  "value": "18",
                },
                Object {
                  "text": Object {
                    "emoji": true,
                    "text": "19ÊôÇ",
                    "type": "plain_text",
                  },
                  "value": "19",
                },
                Object {
                  "text": Object {
                    "emoji": true,
                    "text": "20ÊôÇ",
                    "type": "plain_text",
                  },
                  "value": "20",
                },
                Object {
                  "text": Object {
                    "emoji": true,
                    "text": "21ÊôÇ",
                    "type": "plain_text",
                  },
                  "value": "21",
                },
                Object {
                  "text": Object {
                    "emoji": true,
                    "text": "22ÊôÇ",
                    "type": "plain_text",
                  },
                  "value": "22",
                },
                Object {
                  "text": Object {
                    "emoji": true,
                    "text": "23ÊôÇ",
                    "type": "plain_text",
                  },
                  "value": "23",
                },
              ],
              "type": "static_select",
            },
            "label": Object {
              "emoji": true,
              "text": "ÊôÇ",
              "type": "plain_text",
            },
            "optional": false,
            "type": "input",
          },
          Object {
            "block_id": "minute",
            "element": Object {
              "action_id": "minute",
              "initial_option": Object {
                "text": Object {
                  "emoji": true,
                  "text": "0ÂàÜ",
                  "type": "plain_text",
                },
                "value": "0",
              },
              "options": Array [
                Object {
                  "text": Object {
                    "emoji": true,
                    "text": "0ÂàÜ",
                    "type": "plain_text",
                  },
                  "value": "0",
                },
                Object {
                  "text": Object {
                    "emoji": true,
                    "text": "5ÂàÜ",
                    "type": "plain_text",
                  },
                  "value": "5",
                },
                Object {
                  "text": Object {
                    "emoji": true,
                    "text": "10ÂàÜ",
                    "type": "plain_text",
                  },
                  "value": "10",
                },
                Object {
                  "text": Object {
                    "emoji": true,
                    "text": "15ÂàÜ",
                    "type": "plain_text",
                  },
                  "value": "15",
                },
                Object {
                  "text": Object {
                    "emoji": true,
                    "text": "20ÂàÜ",
                    "type": "plain_text",
                  },
                  "value": "20",
                },
                Object {
                  "text": Object {
                    "emoji": true,
                    "text": "25ÂàÜ",
                    "type": "plain_text",
                  },
                  "value": "25",
                },
                Object {
                  "text": Object {
                    "emoji": true,
                    "text": "30ÂàÜ",
                    "type": "plain_text",
                  },
                  "value": "30",
                },
                Object {
                  "text": Object {
                    "emoji": true,
                    "text": "35ÂàÜ",
                    "type": "plain_text",
                  },
                  "value": "35",
                },
                Object {
                  "text": Object {
                    "emoji": true,
                    "text": "40ÂàÜ",
                    "type": "plain_text",
                  },
                  "value": "40",
                },
                Object {
                  "text": Object {
                    "emoji": true,
                    "text": "45ÂàÜ",
                    "type": "plain_text",
                  },
                  "value": "45",
                },
                Object {
                  "text": Object {
                    "emoji": true,
                    "text": "50ÂàÜ",
                    "type": "plain_text",
                  },
                  "value": "50",
                },
                Object {
                  "text": Object {
                    "emoji": true,
                    "text": "55ÂàÜ",
                    "type": "plain_text",
                  },
                  "value": "55",
                },
              ],
              "type": "static_select",
            },
            "label": Object {
              "emoji": true,
              "text": "ÂàÜ",
              "type": "plain_text",
            },
            "optional": false,
            "type": "input",
          },
        ],
        "callback_id": "submit_callback",
        "close": Object {
          "emoji": true,
          "text": "„Ç≠„É£„É≥„Çª„É´",
          "type": "plain_text",
        },
        "private_metadata": "{\\"channel\\":\\"channel-id\\"}",
        "submit": Object {
          "emoji": true,
          "text": "Ë®≠ÂÆö„Åô„Çã",
          "type": "plain_text",
        },
        "title": Object {
          "emoji": true,
          "text": "Rota",
          "type": "plain_text",
        },
        "type": "modal",
      },
    },
  ],
]
`;

exports[`functions slack submit from SettingModal posts SettingSuccessMessage and creates a rotation on Firestore 1`] = `
Array [
  Array [
    Object {
      "blocks": Array [
        Object {
          "text": Object {
            "text": "<@user-id|>„Åï„Çì„Åå„É≠„Éº„ÉÜ„Éº„Ç∑„Éß„É≥„ÇíË®≠ÂÆö„Åó„Åæ„Åó„ÅüÔºÅ

ÊúàÊõú„ÉªÊ∞¥Êõú„ÉªÈáëÊõú„ÅÆ 23:45 „Å´ üëá „ÅÆ„Çà„ÅÜ„Å™ÊÑü„Åò„Åß„ÅäÁü•„Çâ„Åõ„Åó„Åæ„Åô",
            "type": "mrkdwn",
            "verbatim": true,
          },
          "type": "section",
        },
        Object {
          "text": Object {
            "text": "&gt; „Å¶„Åô„Å¶„Åô
&gt;
&gt; *„ÉÜ„Çπ„Éà*„Åß„Åô
",
            "type": "mrkdwn",
            "verbatim": false,
          },
          "type": "section",
        },
        Object {
          "accessory": Object {
            "action_id": "overflow_menu",
            "options": Array [
              Object {
                "text": Object {
                  "emoji": true,
                  "text": "ÂâäÈô§",
                  "type": "plain_text",
                },
                "value": "delete:1597200000000",
              },
            ],
            "type": "overflow",
          },
          "text": Object {
            "text": "&gt; üëë <@user-a|>‚Üí <@user-b|>‚Üí<@user-c|>
&gt; ",
            "type": "mrkdwn",
            "verbatim": true,
          },
          "type": "section",
        },
      ],
      "channel": "channel-id",
      "text": "<@user-id> „Åï„Çì„Åå„É≠„Éº„ÉÜ„Éº„Ç∑„Éß„É≥„Çí‰ΩúÊàê„Åó„Åæ„Åó„ÅüÔºÅ",
      "token": "dummy-bot-token",
    },
  ],
]
`;
